WILDCARDS:

NULL

ARGUMENTS:

[[1]]
 [1] "results/beds/raw/summary/HG004-MasSeq_1.tsv"                   
 [2] "results/beds/raw/summary/HG004-MasSeq_5.tsv"                   
 [3] "results/beds/raw/summary/HG004-MasSeq_10.tsv"                  
 [4] "results/beds/raw/summary/HG004-MasSeq_30.tsv"                  
 [5] "results/beds/raw/summary/HG004-MasSeq_50.tsv"                  
 [6] "results/beds/raw/summary/HG004-MasSeq_100.tsv"                 
 [7] "results/beds/raw/summary/HG004-dRNA004_1.tsv"                  
 [8] "results/beds/raw/summary/HG004-dRNA004_5.tsv"                  
 [9] "results/beds/raw/summary/HG004-dRNA004_10.tsv"                 
[10] "results/beds/raw/summary/HG004-dRNA004_30.tsv"                 
[11] "results/beds/raw/summary/HG004-dRNA004_50.tsv"                 
[12] "results/beds/raw/summary/HG004-dRNA004_100.tsv"                
[13] "results/beds/raw/summary/HG004-MasSeq-subsampled-seed1_1.tsv"  
[14] "results/beds/raw/summary/HG004-MasSeq-subsampled-seed1_5.tsv"  
[15] "results/beds/raw/summary/HG004-MasSeq-subsampled-seed1_10.tsv" 
[16] "results/beds/raw/summary/HG004-MasSeq-subsampled-seed1_30.tsv" 
[17] "results/beds/raw/summary/HG004-MasSeq-subsampled-seed1_50.tsv" 
[18] "results/beds/raw/summary/HG004-MasSeq-subsampled-seed1_100.tsv"
[19] "results/beds/raw/summary/HG004-MasSeq-subsampled-seed2_1.tsv"  
[20] "results/beds/raw/summary/HG004-MasSeq-subsampled-seed2_5.tsv"  
[21] "results/beds/raw/summary/HG004-MasSeq-subsampled-seed2_10.tsv" 
[22] "results/beds/raw/summary/HG004-MasSeq-subsampled-seed2_30.tsv" 
[23] "results/beds/raw/summary/HG004-MasSeq-subsampled-seed2_50.tsv" 
[24] "results/beds/raw/summary/HG004-MasSeq-subsampled-seed2_100.tsv"
[25] "results/beds/raw/summary/HG004-MasSeq-subsampled-seed3_1.tsv"  
[26] "results/beds/raw/summary/HG004-MasSeq-subsampled-seed3_5.tsv"  
[27] "results/beds/raw/summary/HG004-MasSeq-subsampled-seed3_10.tsv" 
[28] "results/beds/raw/summary/HG004-MasSeq-subsampled-seed3_30.tsv" 
[29] "results/beds/raw/summary/HG004-MasSeq-subsampled-seed3_50.tsv" 
[30] "results/beds/raw/summary/HG004-MasSeq-subsampled-seed3_100.tsv"
[31] "results/beds/raw/summary/HG004-MasSeq-subsampled-seed4_1.tsv"  
[32] "results/beds/raw/summary/HG004-MasSeq-subsampled-seed4_5.tsv"  
[33] "results/beds/raw/summary/HG004-MasSeq-subsampled-seed4_10.tsv" 
[34] "results/beds/raw/summary/HG004-MasSeq-subsampled-seed4_30.tsv" 
[35] "results/beds/raw/summary/HG004-MasSeq-subsampled-seed4_50.tsv" 
[36] "results/beds/raw/summary/HG004-MasSeq-subsampled-seed4_100.tsv"
[37] "results/beds/raw/summary/HG004-MasSeq-subsampled-seed5_1.tsv"  
[38] "results/beds/raw/summary/HG004-MasSeq-subsampled-seed5_5.tsv"  
[39] "results/beds/raw/summary/HG004-MasSeq-subsampled-seed5_10.tsv" 
[40] "results/beds/raw/summary/HG004-MasSeq-subsampled-seed5_30.tsv" 
[41] "results/beds/raw/summary/HG004-MasSeq-subsampled-seed5_50.tsv" 
[42] "results/beds/raw/summary/HG004-MasSeq-subsampled-seed5_100.tsv"

[[2]]
 [1] "results/happy/Clair3-RNA_origin_minimap2_HG004-MasSeq_1.summary.csv"                   
 [2] "results/happy/Clair3-RNA_origin_minimap2_HG004-MasSeq_5.summary.csv"                   
 [3] "results/happy/Clair3-RNA_origin_minimap2_HG004-MasSeq_10.summary.csv"                  
 [4] "results/happy/Clair3-RNA_origin_minimap2_HG004-MasSeq_30.summary.csv"                  
 [5] "results/happy/Clair3-RNA_origin_minimap2_HG004-MasSeq_50.summary.csv"                  
 [6] "results/happy/Clair3-RNA_origin_minimap2_HG004-MasSeq_100.summary.csv"                 
 [7] "results/happy/Clair3-RNA_origin_minimap2_HG004-dRNA004_1.summary.csv"                  
 [8] "results/happy/Clair3-RNA_origin_minimap2_HG004-dRNA004_5.summary.csv"                  
 [9] "results/happy/Clair3-RNA_origin_minimap2_HG004-dRNA004_10.summary.csv"                 
[10] "results/happy/Clair3-RNA_origin_minimap2_HG004-dRNA004_30.summary.csv"                 
[11] "results/happy/Clair3-RNA_origin_minimap2_HG004-dRNA004_50.summary.csv"                 
[12] "results/happy/Clair3-RNA_origin_minimap2_HG004-dRNA004_100.summary.csv"                
[13] "results/happy/Clair3-RNA_origin_minimap2_HG004-MasSeq-subsampled-seed1_1.summary.csv"  
[14] "results/happy/Clair3-RNA_origin_minimap2_HG004-MasSeq-subsampled-seed1_5.summary.csv"  
[15] "results/happy/Clair3-RNA_origin_minimap2_HG004-MasSeq-subsampled-seed1_10.summary.csv" 
[16] "results/happy/Clair3-RNA_origin_minimap2_HG004-MasSeq-subsampled-seed1_30.summary.csv" 
[17] "results/happy/Clair3-RNA_origin_minimap2_HG004-MasSeq-subsampled-seed1_50.summary.csv" 
[18] "results/happy/Clair3-RNA_origin_minimap2_HG004-MasSeq-subsampled-seed1_100.summary.csv"
[19] "results/happy/Clair3-RNA_origin_minimap2_HG004-MasSeq-subsampled-seed2_1.summary.csv"  
[20] "results/happy/Clair3-RNA_origin_minimap2_HG004-MasSeq-subsampled-seed2_5.summary.csv"  
[21] "results/happy/Clair3-RNA_origin_minimap2_HG004-MasSeq-subsampled-seed2_10.summary.csv" 
[22] "results/happy/Clair3-RNA_origin_minimap2_HG004-MasSeq-subsampled-seed2_30.summary.csv" 
[23] "results/happy/Clair3-RNA_origin_minimap2_HG004-MasSeq-subsampled-seed2_50.summary.csv" 
[24] "results/happy/Clair3-RNA_origin_minimap2_HG004-MasSeq-subsampled-seed2_100.summary.csv"
[25] "results/happy/Clair3-RNA_origin_minimap2_HG004-MasSeq-subsampled-seed3_1.summary.csv"  
[26] "results/happy/Clair3-RNA_origin_minimap2_HG004-MasSeq-subsampled-seed3_5.summary.csv"  
[27] "results/happy/Clair3-RNA_origin_minimap2_HG004-MasSeq-subsampled-seed3_10.summary.csv" 
[28] "results/happy/Clair3-RNA_origin_minimap2_HG004-MasSeq-subsampled-seed3_30.summary.csv" 
[29] "results/happy/Clair3-RNA_origin_minimap2_HG004-MasSeq-subsampled-seed3_50.summary.csv" 
[30] "results/happy/Clair3-RNA_origin_minimap2_HG004-MasSeq-subsampled-seed3_100.summary.csv"
[31] "results/happy/Clair3-RNA_origin_minimap2_HG004-MasSeq-subsampled-seed4_1.summary.csv"  
[32] "results/happy/Clair3-RNA_origin_minimap2_HG004-MasSeq-subsampled-seed4_5.summary.csv"  
[33] "results/happy/Clair3-RNA_origin_minimap2_HG004-MasSeq-subsampled-seed4_10.summary.csv" 
[34] "results/happy/Clair3-RNA_origin_minimap2_HG004-MasSeq-subsampled-seed4_30.summary.csv" 
[35] "results/happy/Clair3-RNA_origin_minimap2_HG004-MasSeq-subsampled-seed4_50.summary.csv" 
[36] "results/happy/Clair3-RNA_origin_minimap2_HG004-MasSeq-subsampled-seed4_100.summary.csv"
[37] "results/happy/Clair3-RNA_origin_minimap2_HG004-MasSeq-subsampled-seed5_1.summary.csv"  
[38] "results/happy/Clair3-RNA_origin_minimap2_HG004-MasSeq-subsampled-seed5_5.summary.csv"  
[39] "results/happy/Clair3-RNA_origin_minimap2_HG004-MasSeq-subsampled-seed5_10.summary.csv" 
[40] "results/happy/Clair3-RNA_origin_minimap2_HG004-MasSeq-subsampled-seed5_30.summary.csv" 
[41] "results/happy/Clair3-RNA_origin_minimap2_HG004-MasSeq-subsampled-seed5_50.summary.csv" 
[42] "results/happy/Clair3-RNA_origin_minimap2_HG004-MasSeq-subsampled-seed5_100.summary.csv"

[[3]]
[1] "subsample_analysis/plts/subsample_figure.pdf"

Warning message:
In melt.data.table(panel_c_dt, id.vars = c("Type", "facet_col",  :
  'measure.vars' [TRUTH.TP, TRUTH.FN, QUERY.FP, METRIC.F1_Score, ...] are not all of the same type. By order of hierarchy, the molten data value column will be of type 'double'. All measure variables not of type 'double' will be coerced too. Check DETAILS in ?melt.data.table for more on coercion.
